// Jest Snapshot v1, https://goo.gl/fbAQLP

exports[`Button render correctly without props 1`] = `
<div
  className="CustomButton"
  onClick={null}
  style={
    Object {
      "backgroundColor": "rgb(110, 118, 76)",
      "cursor": "default",
    }
  }
/>
`;
